
> easyctutor@0.1.0 build
> next build

??Next.js 16.1.6 (Turbopack)

  Creating an optimized production build ...
node.exe : Error: Cann
ot apply unknown utili
ty class `md:p-10`. Ar
e you using CSS module
s or similar and missi
ng `@reference`? https
://tailwindcss.com/doc
s/functions-and-direct
ives#reference-directi
ve
위치 줄:1 문자:1
+ & "C:\Program Files\
nodejs/node.exe" "C:\P
rogram Files\nodejs/no
de_mo ...
+ ~~~~~~~~~~~~~~~~~~~~
~~~~~~~~~~~~~~~~~~~~~~
~~~~~~~~~~~~~~~~~~~~~~
~~~~~
    + CategoryInfo    
          : NotSpeci  
  fied: (Error: Can   
 not a...rence-dir    
ective:String) []    ,
 RemoteException
    + FullyQualifiedE 
   rrorId : NativeCo  
  mmandError
 
    [2m[at onInvalidC
andidate (C:\Users\use
r\Desktop\easyctutor\n
ode_modules\tailwindcs
s\dist\lib.js:21:1314)
][0m
    [2m[at Te (C:\Use
rs\user\Desktop\easyct
utor\node_modules\tail
windcss\dist\lib.js:16
:36326)][0m
    [2m[at C:\Users\u
ser\Desktop\easyctutor
\node_modules\tailwind
css\dist\lib.js:21:355
][0m
    [2m[at Rr (C:\Use
rs\user\Desktop\easyct
utor\node_modules\tail
windcss\dist\lib.js:3:
1718)][0m
    [2m[at _ (C:\User
s\user\Desktop\easyctu
tor\node_modules\tailw
indcss\dist\lib.js:3:1
377)][0m
    [2m[at $e (C:\Use
rs\user\Desktop\easyct
utor\node_modules\tail
windcss\dist\lib.js:21
:172)][0m
    [2m[at un (C:\Use
rs\user\Desktop\easyct
utor\node_modules\tail
windcss\dist\lib.js:38
:294)][0m
    [2m[at process.pr
ocessTicksAndRejection
s (node:internal/proce
ss/task_queues:105:5)]
[0m
    [2m[at async cn (
C:\Users\user\Desktop\
easyctutor\node_module
s\tailwindcss\dist\lib
.js:38:631)][0m
    [2m[at async Xr (
C:\Users\user\Desktop\
easyctutor\node_module
s\@tailwindcss\node\di
st\index.js:10:3417)]
[0m

> Build error occurred
Error: Turbopack build
 failed with 3 errors:
./src/app/globals.css
Error evaluating Node.
js code
CssSyntaxError: tailwi
ndcss: C:\Users\user\D
esktop\easyctutor\src\
app\globals.css:1:1: C
annot apply unknown ut
ility class `md:p-10`.
 Are you using CSS mod
ules or similar and mi
ssing `@reference`? ht
tps://tailwindcss.com/
docs/functions-and-dir
ectives#reference-dire
ctive
    at Input.error (no
de_modules/postcss/lib
/input.js:135:16) [C:\
Users\user\Desktop\eas
yctutor\.next\build\ch
unks\node_modules_fe69
3df6._.js:4651:22]
    at Root.error (nod
e_modules/postcss/lib/
node.js:146:32) [C:\Us
ers\user\Desktop\easyc
tutor\.next\build\chun
ks\node_modules_fe693d
f6._.js:928:38]
    [at Object.Once (C
:\Users\user\Desktop\e
asyctutor\node_modules
\@tailwindcss\postcss\
dist\index.js:10:6911)
]
    [at process.proces
sTicksAndRejections (n
ode:internal/process/t
ask_queues:105:5)]
    at async LazyResul
t.runAsync (node_modul
es/postcss/lib/lazy-re
sult.js:293:11) [C:\Us
ers\user\Desktop\easyc
tutor\.next\build\chun
ks\node_modules_fe693d
f6._.js:6206:21]
    at async transform
 (turbopack:///[turbop
ack-node]/transforms/p
ostcss.ts:70:34) [C:\U
sers\user\Desktop\easy
ctutor\.next\build\chu
nks\[root-of-the-serve
r]__51225daf._.js:146:
36]
    at async run (turb
opack:///[turbopack-no
de]/ipc/evaluate.ts:92
:23) [C:\Users\user\De
sktop\easyctutor\.next
\build\chunks\[root-of
-the-server]__974941ed
._.js:443:31]

Import trace:
  Client Component Bro
wser:
    ./src/app/globals.
css [Client Component 
Browser]
    ./src/app/layout.t
sx [Server Component]


./src/components/Paper
Card.tsx:5:10
Ecmascript file had an
 error
[0m [90m 3 |[39m [
36mimport[39m { twMer
ge } [36mfrom[39m [
32m"tailwind-merge"[3
9m[33m;[39m
 [90m 4 |[39m
[31m[1m>[22m[39m[
90m 5 |[39m [36mfunc
tion[39m cn([33m...
[39minputs[33m:[39m 
[33mClassValue[39m[]
) {
 [90m   |[39m       
   [31m[1m^[22m[39
m[31m[1m^[22m[39m
 [90m 6 |[39m     [
36mreturn[39m twMerge
(clsx(inputs))[33m;[
39m
 [90m 7 |[39m }
 [90m 8 |[39m[0m

the name `cn` is defin
ed multiple times

Import trace:
  Server Component:
    ./src/components/P
aperCard.tsx
    ./src/app/page.tsx


./src/components/Markd
ownRenderer.tsx:4:1
Module not found: Can'
t resolve 'rehype-slug
'
[0m [90m 2 |[39m [
36mimport[39m [33mRe
actMarkdown[39m [36m
from[39m [32m'react-
markdown'[39m[33m;[
39m
 [90m 3 |[39m [36mi
mport[39m rehypeRaw 
[36mfrom[39m [32m're
hype-raw'[39m[33m;[
39m
[31m[1m>[22m[39m[
90m 4 |[39m [36mimpo
rt[39m rehypeSlug [3
6mfrom[39m [32m'rehy
pe-slug'[39m[33m;[3
9m
 [90m   |[39m [31m
[1m^[22m[39m[31m[1
m^[22m[39m[31m[1m^
[22m[39m[31m[1m^[
22m[39m[31m[1m^[22
m[39m[31m[1m^[22m
[39m[31m[1m^[22m[3
9m[31m[1m^[22m[39m
[31m[1m^[22m[39m[
31m[1m^[22m[39m[31
m[1m^[22m[39m[31m
[1m^[22m[39m[31m[1
m^[22m[39m[31m[1m^
[22m[39m[31m[1m^[
22m[39m[31m[1m^[22
m[39m[31m[1m^[22m
[39m[31m[1m^[22m[3
9m[31m[1m^[22m[39m
[31m[1m^[22m[39m[
31m[1m^[22m[39m[31
m[1m^[22m[39m[31m
[1m^[22m[39m[31m[1
m^[22m[39m[31m[1m^
[22m[39m[31m[1m^[
22m[39m[31m[1m^[22
m[39m[31m[1m^[22m
[39m[31m[1m^[22m[3
9m[31m[1m^[22m[39m
[31m[1m^[22m[39m[
31m[1m^[22m[39m[31
m[1m^[22m[39m[31m
[1m^[22m[39m[31m[1
m^[22m[39m[31m[1m^
[22m[39m[31m[1m^[
22m[39m
 [90m 5 |[39m [36mi
mport[39m { [33mPris
m[39m [36mas[39m [
33mSyntaxHighlighter[
39m } [36mfrom[39m 
[32m'react-syntax-high
lighter'[39m[33m;[3
9m
 [90m 6 |[39m [36mi
mport[39m { vscDarkPl
us } [36mfrom[39m [
32m'react-syntax-highl
ighter/dist/esm/styles
/prism'[39m[33m;[39
m
 [90m 7 |[39m [36mi
mport[39m { [33mPape
rCard[39m } [36mfrom
[39m [32m'./PaperCar
d'[39m[33m;[39m[0m



Import trace:
  Server Component:
    ./src/components/M
arkdownRenderer.tsx
    ./src/app/chapters
/[id]/page.tsx

https://nextjs.org/doc
s/messages/module-not-
found


    at async transform
 (turbopack:///[turbop
ack-node]/transforms/p
ostcss.ts:70:34) [C:\U
sers\user\Desktop\easy
ctutor\.next\build\chu
nks\[root-of-the-serve
r]__51225daf._.js:146:
36])
    at async run (turb
opack:///[turbopack-no
de]/ipc/evaluate.ts:92
:23) [C:\Users\user\De
sktop\easyctutor\.next
\build\chunks\[root-of
-the-server]__974941ed
._.js:443:31])
    at <unknown> (./sr
c/components/PaperCard
.tsx:5:10)
    at <unknown> (./sr
c/components/MarkdownR
enderer.tsx:4:1)
    at <unknown> (http
s://nextjs.org/docs/me
ssages/module-not-foun
d)
